[36mvite v4.5.14 [32mbuilding for production...[36m[39m
transforming...
[32m✓[39m 4163 modules transformed.
rendering chunks...
[2mdist/[22m[32mregisterSW.js                  [39m[1m[2m  0.13 kB[22m[1m[22m
[2mdist/[22m[32mmanifest.webmanifest           [39m[1m[2m  0.43 kB[22m[1m[22m
[2mdist/[22m[32mindex.html                     [39m[1m[2m  0.87 kB[22m[1m[22m
[2mdist/[22m[35massets/css/index-6fc73d22.css  [39m[1m[2m133.15 kB[22m[1m[22m
[2mdist/[22m[36massets/js/index-4105b4d3.js    [39m[1m[2m  0.75 kB[22m[1m[22m[2m │ map: 0.10 kB[22m

PWA v1.0.3
mode      generateSW
precache  10 entries (153.61 KiB)
files generated
  dist/sw.js.map
  dist/sw.js
  dist/workbox-b833909e.js.map
  dist/workbox-b833909e.js
[32m✓ built in 16.48s[39m
